[99webpage.com/theme-review/landingpage/smooth/home-alt3.html]
[backblue.gif]
[fade.gif]
[index.html]
[99webpage.com/theme-review/landingpage/smooth/favicon/smooth-favicon-16x16.png]
[99webpage.com/theme-review/landingpage/smooth/favicon/smooth-favicon-32x32.png]
[99webpage.com/theme-review/landingpage/smooth/favicon/smooth-favicon-144x144.png]
[99webpage.com/theme-review/landingpage/smooth/favicon/smooth-favicon-196x196.png]
[99webpage.com/theme-review/landingpage/smooth/assets/brand/logo.png]
[99webpage.com/theme-review/landingpage/smooth/index.html]
[99webpage.com/theme-review/landingpage/smooth/about-us.html]
[99webpage.com/theme-review/landingpage/smooth/services.html]
[99webpage.com/theme-review/landingpage/smooth/pricing.html]
[99webpage.com/theme-review/landingpage/smooth/gallery.html]
[99webpage.com/theme-review/landingpage/smooth/faq.html]
[99webpage.com/theme-review/landingpage/smooth/team.html]
[99webpage.com/theme-review/landingpage/smooth/career.html]
[99webpage.com/theme-review/landingpage/smooth/blog-left-sidebar.html]
[99webpage.com/theme-review/landingpage/smooth/testimoni.html]
[99webpage.com/theme-review/landingpage/smooth/blog-right-sidebar.html]
[99webpage.com/theme-review/landingpage/smooth/blog-grid-left-sidebar.html]
[99webpage.com/theme-review/landingpage/smooth/blog-grid-right-sidebar.html]
[99webpage.com/theme-review/landingpage/smooth/blog-single-post-left-sidebar.html]
[99webpage.com/theme-review/landingpage/smooth/blog-single-post-right-sidebar.html]
[99webpage.com/theme-review/landingpage/smooth/contact-us.html]
[99webpage.com/theme-review/landingpage/smooth/assets/images/business-looking.png]
[99webpage.com/theme-review/landingpage/smooth/assets/images/clients/white/client_01.png]
[99webpage.com/theme-review/landingpage/smooth/assets/images/clients/white/client_02.png]
[99webpage.com/theme-review/landingpage/smooth/assets/images/clients/white/client_03.png]
[99webpage.com/theme-review/landingpage/smooth/assets/images/clients/white/client_04.png]
[99webpage.com/theme-review/landingpage/smooth/assets/images/clients/white/client_06.png]
[99webpage.com/theme-review/landingpage/smooth/assets/images/clients/white/client_05.png]
[99webpage.com/theme-review/landingpage/smooth/assets/images/video-cover@2x.png]
[99webpage.com/theme-review/landingpage/smooth/assets/images/video-cover-app.png]
[99webpage.com/theme-review/landingpage/smooth/assets/images/thumbnail-cover-app.png]
[99webpage.com/theme-review/landingpage/smooth/assets/images/zoom-cover-app.png]
[99webpage.com/theme-review/landingpage/smooth/assets/images/using-software.png]
[99webpage.com/theme-review/landingpage/smooth/assets/images/businessman-with-laptop.png]
[99webpage.com/theme-review/landingpage/smooth/assets/images/blog/thumbnail/img-blog-thumbnail-01.jpg]
[99webpage.com/theme-review/landingpage/smooth/assets/images/avatar-man.jpg]
[99webpage.com/theme-review/landingpage/smooth/assets/images/blog/thumbnail/img-blog-thumbnail-02.jpg]
[99webpage.com/theme-review/landingpage/smooth/assets/images/avatar-women.jpg]
[99webpage.com/theme-review/landingpage/smooth/assets/images/blog/thumbnail/img-blog-thumbnail-03.jpg]
[99webpage.com/theme-review/landingpage/smooth/assets/images/testimoni-avatar01.png]
[99webpage.com/theme-review/landingpage/smooth/assets/images/testimoni-avatar02.png]
[99webpage.com/theme-review/landingpage/smooth/assets/images/testimoni-avatar03.png]
[99webpage.com/theme-review/landingpage/smooth/assets/js/jquery.min.js]
[99webpage.com/theme-review/landingpage/smooth/assets/js/main.min.js]
[99webpage.com/theme-review/landingpage/smooth/assets/js/scripts.min.js]
[99webpage.com/theme-review/landingpage/smooth/home-alt3.html]
[99webpage.com/theme-review/landingpage/smooth/assets/css/plugins/owl.video.play.2f.delayed]
[99webpage.com/theme-review/landingpage/smooth/assets/fonts/montserrat/montserrat-light.ttf]
[99webpage.com/theme-review/landingpage/smooth/assets/fonts/montserrat/montserrat-regular.ttf]
[99webpage.com/theme-review/landingpage/smooth/assets/fonts/montserrat/montserrat-medium.ttf]
[99webpage.com/theme-review/landingpage/smooth/assets/fonts/montserrat/montserrat-bold.ttf]
[99webpage.com/theme-review/landingpage/smooth/assets/fonts/montserrat/montserrat-semi-bold.ttf]
[99webpage.com/theme-review/landingpage/smooth/assets/icons/fontawesome/fontawesome-webfont3e6e.eot]
[99webpage.com/theme-review/landingpage/smooth/assets/icons/fontawesome/fontawesome-webfontd41d.eot]
[99webpage.com/theme-review/landingpage/smooth/assets/icons/fontawesome/fontawesome-webfont3e6e.woff2]
[99webpage.com/theme-review/landingpage/smooth/assets/icons/fontawesome/fontawesome-webfont3e6e.woff]
[99webpage.com/theme-review/landingpage/smooth/assets/icons/fontawesome/fontawesome-webfont3e6e.ttf]
[99webpage.com/theme-review/landingpage/smooth/assets/brand/logo@2x.png]
[99webpage.com/theme-review/landingpage/smooth/assets/images/masthead-watter-bg.png]
[99webpage.com/theme-review/landingpage/smooth/assets/images/masthead-watter-bg@2x.png]
[99webpage.com/theme-review/landingpage/smooth/assets/images/masthead-overlay.png]
[99webpage.com/theme-review/landingpage/smooth/assets/images/masthead-overlay@2x.png]
[99webpage.com/theme-review/landingpage/smooth/assets/images/icons-bg.png]
[99webpage.com/theme-review/landingpage/smooth/assets/images/icons-bg@2x.png]
[99webpage.com/theme-review/landingpage/smooth/assets/images/screenshot/browser-clos.51.delayed]
[99webpage.com/theme-review/landingpage/smooth/assets/images/screenshot/browser-close@2x.png]
[99webpage.com/theme-review/landingpage/smooth/assets/images/gradient-image-bg.png]
[99webpage.com/theme-review/landingpage/smooth/assets/images/gradient-image-bg@2x.png]
[99webpage.com/theme-review/landingpage/smooth/assets/images/section-divider-bg-left.png]
[99webpage.com/theme-review/landingpage/smooth/assets/images/section-divider-bg-left@2x.png]
[99webpage.com/theme-review/landingpage/smooth/assets/images/section-divider-bg-right.png]
[99webpage.com/theme-review/landingpage/smooth/assets/images/section-divider-bg-right@2x.png]
[99webpage.com/theme-review/landingpage/smooth/assets/images/section-bg-watter-top.png]
[99webpage.com/theme-review/landingpage/smooth/assets/images/section-bg-watter-top@2x.png]
[99webpage.com/theme-review/landingpage/smooth/assets/images/section-bg-watter-bottom.png]
[99webpage.com/theme-review/landingpage/smooth/assets/images/section-bg-watter-bottom@2x.png]
[99webpage.com/theme-review/landingpage/smooth/assets/images/section-heading.png]
[99webpage.com/theme-review/landingpage/smooth/assets/icons/instagram.png]
[99webpage.com/theme-review/landingpage/smooth/assets/images/cta-bg.png]
[99webpage.com/theme-review/landingpage/smooth/assets/images/pricing-bg-default.png]
[99webpage.com/theme-review/landingpage/smooth/assets/images/pricing-bg-default@2x.png]
[99webpage.com/theme-review/landingpage/smooth/assets/images/pricing-bg-blue.png]
[99webpage.com/theme-review/landingpage/smooth/assets/images/pricing-bg-blue@2x.png]
[99webpage.com/theme-review/landingpage/smooth/assets/images/pricing-bg-orange.png]
[99webpage.com/theme-review/landingpage/smooth/assets/images/pricing-bg-orange@2x.png]
[99webpage.com/theme-review/landingpage/smooth/assets/images/pricing-bg-green.png]
[99webpage.com/theme-review/landingpage/smooth/assets/images/pricing-bg-green@2x.png]
[99webpage.com/theme-review/landingpage/smooth/assets/images/pricing-bg-yellow.png]
[99webpage.com/theme-review/landingpage/smooth/assets/images/pricing-bg-yellow@2x.png]
[99webpage.com/theme-review/landingpage/smooth/assets/images/pricing-bg-red.png]
[99webpage.com/theme-review/landingpage/smooth/assets/images/pricing-bg-red@2x.png]
[99webpage.com/theme-review/landingpage/smooth/assets/images/pricing-bg-purple.png]
[99webpage.com/theme-review/landingpage/smooth/assets/images/pricing-bg-purple@2x.png]
[99webpage.com/theme-review/landingpage/smooth/assets/images/package-head-bg.png]
[99webpage.com/theme-review/landingpage/smooth/assets/images/demo-masthead-bg.png]
[99webpage.com/theme-review/landingpage/smooth/assets/css/style.min.css]
[99webpage.com/theme-review/landingpage/smooth/assets/brand/logo-white.png]
[99webpage.com/theme-review/landingpage/smooth/home-alt1.html]
[99webpage.com/theme-review/landingpage/smooth/assets/images/demo/thumbnail-01.png]
[99webpage.com/theme-review/landingpage/smooth/home-alt2.html]
[99webpage.com/theme-review/landingpage/smooth/assets/images/demo/thumbnail-02.png]
[99webpage.com/theme-review/landingpage/smooth/assets/images/demo/thumbnail-03.png]
[99webpage.com/theme-review/landingpage/smooth/home-alt4.html]
[99webpage.com/theme-review/landingpage/smooth/assets/images/demo/thumbnail-04.png]
[99webpage.com/theme-review/landingpage/smooth/home-alt5.html]
[99webpage.com/theme-review/landingpage/smooth/assets/images/demo/thumbnail-05.png]
[99webpage.com/theme-review/landingpage/smooth/home-alt6.html]
[99webpage.com/theme-review/landingpage/smooth/assets/images/demo/thumbnail-06.png]
[99webpage.com/theme-review/landingpage/smooth/home-alt7.html]
[99webpage.com/theme-review/landingpage/smooth/assets/images/demo/thumbnail-07.png]
[99webpage.com/theme-review/landingpage/smooth/home-alt8.html]
[99webpage.com/theme-review/landingpage/smooth/assets/images/demo/thumbnail-08.png]
[99webpage.com/theme-review/landingpage/smooth/index.html]
[99webpage.com/theme-review/landingpage/smooth/assets/images/about-us.jpg]
[99webpage.com/theme-review/landingpage/smooth/assets/images/team/team-01.jpg]
[99webpage.com/theme-review/landingpage/smooth/assets/images/team/team-02.jpg]
[99webpage.com/theme-review/landingpage/smooth/assets/images/team/team-03.jpg]
[99webpage.com/theme-review/landingpage/smooth/assets/images/team/team-04.jpg]
[99webpage.com/theme-review/landingpage/smooth/assets/images/team/team-05.jpg]
[99webpage.com/theme-review/landingpage/smooth/assets/images/team/team-06.jpg]
[99webpage.com/theme-review/landingpage/smooth/assets/images/team/team-07.jpg]
[99webpage.com/theme-review/landingpage/smooth/assets/images/team/team-08.jpg]
[99webpage.com/theme-review/landingpage/smooth/about-us.html]
[99webpage.com/theme-review/landingpage/smooth/assets/images/clients/client_01-hover.png]
[99webpage.com/theme-review/landingpage/smooth/assets/images/clients/client_01.png]
[99webpage.com/theme-review/landingpage/smooth/assets/images/clients/client_02-hover.png]
[99webpage.com/theme-review/landingpage/smooth/assets/images/clients/client_02.png]
[99webpage.com/theme-review/landingpage/smooth/assets/images/clients/client_03-hover.png]
[99webpage.com/theme-review/landingpage/smooth/assets/images/clients/client_03.png]
[99webpage.com/theme-review/landingpage/smooth/assets/images/clients/client_04-hover.png]
[99webpage.com/theme-review/landingpage/smooth/assets/images/clients/client_04.png]
[99webpage.com/theme-review/landingpage/smooth/assets/images/clients/client_06-hover.png]
[99webpage.com/theme-review/landingpage/smooth/assets/images/clients/client_06.png]
[99webpage.com/theme-review/landingpage/smooth/assets/images/clients/client_05-hover.png]
[99webpage.com/theme-review/landingpage/smooth/assets/images/clients/client_05.png]
[99webpage.com/theme-review/landingpage/smooth/services.html]
[99webpage.com/theme-review/landingpage/smooth/pricing.html]
[99webpage.com/theme-review/landingpage/smooth/assets/images/gallery/img-gallery01.png]
[99webpage.com/theme-review/landingpage/smooth/assets/images/avatar-man@2x.jpg]
[99webpage.com/theme-review/landingpage/smooth/assets/images/gallery/img-gallery02.png]
[99webpage.com/theme-review/landingpage/smooth/assets/images/avatar-women@2x.jpg]
[99webpage.com/theme-review/landingpage/smooth/assets/images/gallery/img-gallery03.png]
[99webpage.com/theme-review/landingpage/smooth/assets/images/gallery/img-gallery05.png]
[99webpage.com/theme-review/landingpage/smooth/assets/images/gallery/img-gallery06.png]
[99webpage.com/theme-review/landingpage/smooth/assets/images/gallery/img-gallery07.png]
[99webpage.com/theme-review/landingpage/smooth/assets/images/gallery/img-gallery08.png]
[99webpage.com/theme-review/landingpage/smooth/assets/images/gallery/img-gallery09.png]
[99webpage.com/theme-review/landingpage/smooth/gallery.html]
[99webpage.com/theme-review/landingpage/smooth/faq.html]
[99webpage.com/theme-review/landingpage/smooth/team.html]
[99webpage.com/theme-review/landingpage/smooth/assets/images/lady-with-handphone.png]
[99webpage.com/theme-review/landingpage/smooth/assets/images/vector-younglady-with-laptop.png]
[99webpage.com/theme-review/landingpage/smooth/career.html]
[99webpage.com/theme-review/landingpage/smooth/assets/images/advertisement-01.jpg]
[99webpage.com/theme-review/landingpage/smooth/assets/images/blog/thumbnail/small/img-blog-thumbnail-small-03.jpg]
[99webpage.com/theme-review/landingpage/smooth/assets/images/blog/thumbnail/small/img-blog-thumbnail-small-02.jpg]
[99webpage.com/theme-review/landingpage/smooth/assets/images/blog/thumbnail/small/img-blog-thumbnail-small-01.jpg]
[99webpage.com/theme-review/landingpage/smooth/assets/images/blog/thumbnail/small/img-blog-thumbnail-small-04.jpg]
[99webpage.com/theme-review/landingpage/smooth/assets/images/instagram/instagram-img-01.jpg]
[99webpage.com/theme-review/landingpage/smooth/assets/images/instagram/instagram-img-02.jpg]
[99webpage.com/theme-review/landingpage/smooth/assets/images/instagram/instagram-img-03.jpg]
[99webpage.com/theme-review/landingpage/smooth/assets/images/instagram/instagram-img-04.jpg]
[99webpage.com/theme-review/landingpage/smooth/assets/images/instagram/instagram-img-05.jpg]
[99webpage.com/theme-review/landingpage/smooth/assets/images/instagram/instagram-img-06.jpg]
[99webpage.com/theme-review/landingpage/smooth/assets/images/instagram/instagram-img-07.jpg]
[99webpage.com/theme-review/landingpage/smooth/assets/images/instagram/instagram-img-08.jpg]
[99webpage.com/theme-review/landingpage/smooth/blog-left-sidebar.html]
[99webpage.com/theme-review/landingpage/smooth/testimoni.html]
[99webpage.com/theme-review/landingpage/smooth/blog-right-sidebar.html]
[99webpage.com/theme-review/landingpage/smooth/assets/images/blog/thumbnail/img-blog-thumbnail-04.jpg]
[99webpage.com/theme-review/landingpage/smooth/assets/images/blog/thumbnail/img-blog-thumbnail-05.jpg]
[99webpage.com/theme-review/landingpage/smooth/assets/images/blog/thumbnail/img-blog-thumbnail-06.jpg]
[99webpage.com/theme-review/landingpage/smooth/assets/images/blog/thumbnail/img-blog-thumbnail-07.jpg]
[99webpage.com/theme-review/landingpage/smooth/assets/images/blog/thumbnail/img-blog-thumbnail-08.jpg]
[99webpage.com/theme-review/landingpage/smooth/blog-grid-left-sidebar.html]
[99webpage.com/theme-review/landingpage/smooth/blog-grid-right-sidebar.html]
[99webpage.com/theme-review/landingpage/smooth/assets/images/blog/blog-single-post-01.jpg]
[99webpage.com/theme-review/landingpage/smooth/assets/images/blog/blog-single-post-02.jpg]
[99webpage.com/theme-review/landingpage/smooth/assets/images/blog/avatar/blog-avatar01.png]
[99webpage.com/theme-review/landingpage/smooth/assets/images/blog/avatar/blog-avatar02.png]
[99webpage.com/theme-review/landingpage/smooth/assets/images/blog/avatar/blog-avatar03.png]
[99webpage.com/theme-review/landingpage/smooth/blog-single-post-left-sidebar.html]
[99webpage.com/theme-review/landingpage/smooth/blog-single-post-right-sidebar.html]
[99webpage.com/theme-review/landingpage/smooth/contact-us.html]
[99webpage.com/theme-review/landingpage/smooth/assets/css/plugins/owl.video.play.html]
[99webpage.com/theme-review/landingpage/smooth/assets/icons/fontawesome/fontawesome-webfont3e6e.svg]
[99webpage.com/theme-review/landingpage/smooth/assets/icons/svg/book.svg]
[99webpage.com/theme-review/landingpage/smooth/assets/icons/svg/chart.svg]
[99webpage.com/theme-review/landingpage/smooth/assets/icons/svg/cogs.svg]
[99webpage.com/theme-review/landingpage/smooth/assets/icons/svg/device.svg]
[99webpage.com/theme-review/landingpage/smooth/assets/icons/svg/download.svg]
[99webpage.com/theme-review/landingpage/smooth/assets/icons/svg/flask.svg]
[99webpage.com/theme-review/landingpage/smooth/assets/icons/svg/hard-disk.svg]
[99webpage.com/theme-review/landingpage/smooth/assets/icons/svg/help.svg]
[99webpage.com/theme-review/landingpage/smooth/assets/icons/svg/gift.svg]
[99webpage.com/theme-review/landingpage/smooth/assets/icons/svg/users.svg]
[99webpage.com/theme-review/landingpage/smooth/assets/icons/svg/paper-plane.svg]
[99webpage.com/theme-review/landingpage/smooth/assets/icons/svg/tree.svg]
[99webpage.com/theme-review/landingpage/smooth/assets/icons/svg/question.svg]
[99webpage.com/theme-review/landingpage/smooth/assets/icons/svg/wallet.svg]
[99webpage.com/theme-review/landingpage/smooth/assets/images/megamenu-bg.svg]
[99webpage.com/theme-review/landingpage/smooth/assets/images/screenshot/browser-clos.html]
[99webpage.com/theme-review/landingpage/smooth/assets/fonts/montserrat/montserrat-light.ttf]
[99webpage.com/theme-review/landingpage/smooth/assets/images/masthead-img-work.png]
[99webpage.com/theme-review/landingpage/smooth/home-alt1.html]
[99webpage.com/theme-review/landingpage/smooth/assets/images/masthead-icon.png]
[99webpage.com/theme-review/landingpage/smooth/assets/images/businessman-meditating.png]
[99webpage.com/theme-review/landingpage/smooth/home-alt2.html]
[99webpage.com/theme-review/landingpage/smooth/assets/images/screenshot/masthead_screenshot_01.png]
[99webpage.com/theme-review/landingpage/smooth/assets/images/article/article-img01.jpg]
[99webpage.com/theme-review/landingpage/smooth/assets/images/article/article-img02.jpg]
[99webpage.com/theme-review/landingpage/smooth/assets/images/article/article-img03.jpg]
[99webpage.com/theme-review/landingpage/smooth/assets/images/article/article-img04.jpg]
[99webpage.com/theme-review/landingpage/smooth/assets/images/article/article-img05.jpg]
[99webpage.com/theme-review/landingpage/smooth/home-alt4.html]
[99webpage.com/theme-review/landingpage/smooth/assets/images/mackbook-bg@2x.png]
[99webpage.com/theme-review/landingpage/smooth/assets/images/screen-app-01.png]
[99webpage.com/theme-review/landingpage/smooth/assets/images/screen-app-02.png]
[99webpage.com/theme-review/landingpage/smooth/assets/images/screen-app-03.png]
[99webpage.com/theme-review/landingpage/smooth/assets/images/screen-app-04.png]
[99webpage.com/theme-review/landingpage/smooth/home-alt5.html]
[99webpage.com/theme-review/landingpage/smooth/assets/images/video-cover-app@2x.png]
[99webpage.com/theme-review/landingpage/smooth/assets/images/app-mobile.png]
[99webpage.com/theme-review/landingpage/smooth/home-alt6.html]
[99webpage.com/theme-review/landingpage/smooth/assets/images/tablet-app.png]
[99webpage.com/theme-review/landingpage/smooth/home-alt7.html]
[99webpage.com/theme-review/landingpage/smooth/assets/images/city.png]
[99webpage.com/theme-review/landingpage/smooth/home-alt8.html]
[99webpage.com/theme-review/landingpage/smooth/assets/images/gallery/img-gallery04.png]
